# screen 40x8 alt=false mouse=false cursor=0,1
T |$ claude                                |
F |........................................|
B |........................................|
E |........................................|
T |                                        |
F |........................................|
B |........................................|
E |........................................|
T |                                        |
F |........................................|
B |........................................|
E |........................................|
T |                                        |
F |........................................|
B |........................................|
E |........................................|
T |                                        |
F |........................................|
B |........................................|
E |........................................|
T |                                        |
F |........................................|
B |........................................|
E |........................................|
T |                                        |
F |........................................|
B |........................................|
E |........................................|
T |                                        |
F |........................................|
B |........................................|
E |........................................|
