# screen 40x8 alt=true mouse=true cursor=4,3
T |+--------------------------------------+|
F |........................................|
B |........................................|
E |........................................|
T || Welcome to Claude Code               ||
F |........................................|
B |........................................|
E |........................................|
T ||                                      ||
F |........................................|
B |........................................|
E |........................................|
T || > Try "how do I print hello world?" | |
F |........................................|
B |........................................|
E |........................................|
T ||                                      ||
F |........................................|
B |........................................|
E |........................................|
T |+--------------------------------------+|
F |........................................|
B |........................................|
E |........................................|
T |                                        |
F |........................................|
B |........................................|
E |........................................|
T |                                        |
F |........................................|
B |........................................|
E |........................................|
