# screen 40x8 alt=false mouse=false cursor=2,3
T |$ ls --color=auto                       |
F |........................................|
B |........................................|
E |........................................|
T |dir1  exec  file.txt  broken            |
F |4444..2222............111111............|
B |........................................|
E |BBBB..BBBB............BBBBBB............|
T |src  README.md                          |
F |444.....................................|
B |........................................|
E |BBB.....................................|
T |$                                       |
F |........................................|
B |........................................|
E |........................................|
T |                                        |
F |........................................|
B |........................................|
E |........................................|
T |                                        |
F |........................................|
B |........................................|
E |........................................|
T |                                        |
F |........................................|
B |........................................|
E |........................................|
T |                                        |
F |........................................|
B |........................................|
E |........................................|
